// Jest Snapshot v1, https://goo.gl/fbAQLP

exports[`zen 1. using jest snapshots: 1. using jest snapshots 1`] = `

setTimeout(()=>{},2);setTimeout(()=>{},2);setTimeout(()=>{},2)
      
      

      ↓ ↓ ↓ ↓ ↓ ↓

var _line1column = 2,
  _line1column2 = 2,
  _line1column3 = 2
setTimeout(() => {}, _line1column)
setTimeout(() => {}, _line1column2)
setTimeout(() => {}, _line1column3)

`;
